<html><body>
<p>This is the test of the anonymous component

<!-- Start anonymous component: anonymous-blade-component.anonymous name: anonymous-component --><!-- Start component Illuminate\View\AnonymousComponent 'anonymous-component' --></p>
<div>
    This is the anonymous component
</div>
<!-- End component Illuminate\View\AnonymousComponent 'anonymous-component' --><!-- End anonymous component: anonymous-blade-component.anonymous name: anonymous-component -->

Non-anonymous components should be handled correctly as well
</body></html>
