<html><body><p>This is the start of the page




<!-- Start include: CustomFieldType::getHtmlEditBlade($customField->type) -->This is the include
<!-- End include: CustomFieldType::getHtmlEditBlade($customField->type) -->

bla

<!-- Start include: includes.include.include -->This is the include
<!-- End include: includes.include.include -->


This is the end of the page
</p></body></html>
