<!-- Start extends: 'extends.layout' --><html>
<head>
    <title>Laravel</title>
</head>
<body>
    <h1>
<!-- Start section: 'title' -->Laravel<!-- End section: 'title' -->
</h1>
    <!-- Start section: 'content' -->    This is the content
<!-- End section: 'content' -->
        Depending on the config, this section should not be wrapped with a comment.
</body>
</html>
