<!-- Start extends: extends.layout --><html>
<body>
        This is the content
</body>
</html>
