<html><body>
<p>Including Blade Component

<!-- Blade Component: Spatie\BladePaths\Tests\TestSupport\BladeComponents\TestBladeComponent --></p>
<div>
    This is the Blade component
</div>
<!-- End Blade Component -->
</body></html>
