<html><body><p>This is the start of the page

<!-- Start of partial: includes.includeIf.includeIf -->
This is the includeIf
<!-- End of partial: includes.includeIf.includeIf -->

This is the end of the page
</p></body></html>
