<html><body><p>This is the start of the page<!-- Start includeWhen: includes.includeWhen.includeWhen --> 

This is an includeWhen.
<!-- End includeWhen: includes.includeWhen.includeWhen -->
This should not be wrapped with a comment.

This is the end of the page
</p></body></html>
