<html><body><p>This is the start of the page

<!-- Start of partial: false, 'includes.includeUnless.includeUnless -->
This is the includeUnless
<!-- End of partial: false, 'includes.includeUnless.includeUnless -->

This is the end of the page
</p></body></html>
