<html><body>
<p>Including Blade Component

<!-- Start component :path test-component --></p>
<div>
    This is the Blade component
</div>
<!-- End component :path test-component -->

Including it again

<!-- Start component :path test-component --><div>
    This is the Blade component
</div>
<!-- End component :path test-component -->
</body></html>
