<html><body><p>This is the start of the page

<!-- Start Include: includes.include.include -->This is the include
<!-- End Include: includes.include.include -->

This is the end of the page
</p></body></html>
