<html><body><p>This is the start of the page

<!-- Start include: 'includes.includeIf.includeIf' -->This is the includeIf
<!-- End include: 'includes.includeIf.includeIf' -->
This should not be wrapped with a comment.

This is the end of the page
</p></body></html>
