<html><body><p>This is the start of the page

<!-- Start of partial: true, 'includes.includeWhen.includeWhen -->
This is an includeWhen.
<!-- End of partial: true, 'includes.includeWhen.includeWhen -->

This is the end of the page
</p></body></html>
