<html><body>
<p>This is the test of the anonymous component

<!-- Start component 'anonymous-blade-component.anonymous' 'anonymous-component' --></p>
<div>
    This is the anonymous component
</div>
<!-- End component 'anonymous-blade-component.anonymous' 'anonymous-component' -->

Including it again

<!-- Start component 'anonymous-blade-component.anonymous' 'anonymous-component' --><div>
    This is the anonymous component
</div>
<!-- End component 'anonymous-blade-component.anonymous' 'anonymous-component' -->

Non-anonymous components should be handled correctly as well

<!-- Start component 'Spatie\BladeComments\Tests\TestSupport\BladeComponents\TestBladeComponent' 'test-component' --><div>
    This is the Blade component
</div>
<!-- End component 'Spatie\BladeComments\Tests\TestSupport\BladeComponents\TestBladeComponent' 'test-component' -->
</body></html>
