<html><body><p>This is the start of the page<!-- Start includeUnless: includes.includeUnless.includeUnless --> 

This is the includeUnless
<!-- End includeUnless: includes.includeUnless.includeUnless -->

This should not be wrapped with a comment.

This is the end of the page
</p></body></html>
