<!-- Start blade view: /app/tests/TestSupport/views/bladeComponent/nested-complex.blade.php --><!-- Start extends: 'layouts.app' --><!-- End blade view: /app/tests/TestSupport/views/bladeComponent/nested-complex.blade.php --><!-- Start blade view: /app/tests/TestSupport/views/layouts/app.blade.php --><html>
<head>
    <title>Test App</title>
</head>
<body>
    <!-- Start section: 'content' --><div class="container">
            <div class="outer-wrapper">
            <!-- Start component: 'Spatie\BladeComments\Tests\TestSupport\BladeComponents\TestBladeComponent' 'test-component' --><!-- Start blade view: /app/tests/TestSupport/views/bladeComponent/component.blade.php -->
<div>
    This is the Blade component
</div>

<!-- End blade view: /app/tests/TestSupport/views/bladeComponent/component.blade.php -->
<!-- End component: 'Spatie\BladeComments\Tests\TestSupport\BladeComponents\TestBladeComponent' 'test-component' -->

                            <div class="loop-1">
                    <!-- Start component: 'Spatie\BladeComments\Tests\TestSupport\BladeComponents\TestBladeComponent' 'test-component' --><!-- Start blade view: /app/tests/TestSupport/views/bladeComponent/component.blade.php -->
<div>
    This is the Blade component
</div>

<!-- End blade view: /app/tests/TestSupport/views/bladeComponent/component.blade.php -->
<!-- End component: 'Spatie\BladeComments\Tests\TestSupport\BladeComponents\TestBladeComponent' 'test-component' -->

                                            <div class="nested-condition">
                            <!-- Start component: 'Spatie\BladeComments\Tests\TestSupport\BladeComponents\TestBladeComponent' 'test-component' --><!-- Start blade view: /app/tests/TestSupport/views/bladeComponent/component.blade.php -->
<div>
    This is the Blade component
</div>

<!-- End blade view: /app/tests/TestSupport/views/bladeComponent/component.blade.php -->
<!-- End component: 'Spatie\BladeComments\Tests\TestSupport\BladeComponents\TestBladeComponent' 'test-component' -->
                            <!-- Start include: 'partials.item' --><!-- Start blade view: /app/tests/TestSupport/views/partials/item.blade.php -->
<div class="item">Item: 1</div>

<!-- End blade view: /app/tests/TestSupport/views/partials/item.blade.php -->
<!-- End include: 'partials.item' -->
                            <!-- Start component: 'Spatie\BladeComments\Tests\TestSupport\BladeComponents\TestBladeComponent' 'test-component' --><!-- Start blade view: /app/tests/TestSupport/views/bladeComponent/component.blade.php -->
<div>
    This is the Blade component
</div>

<!-- End blade view: /app/tests/TestSupport/views/bladeComponent/component.blade.php -->
<!-- End component: 'Spatie\BladeComments\Tests\TestSupport\BladeComponents\TestBladeComponent' 'test-component' -->
                        </div>
                    
                    <!-- Start component: 'Spatie\BladeComments\Tests\TestSupport\BladeComponents\TestBladeComponent' 'test-component' --><!-- Start blade view: /app/tests/TestSupport/views/bladeComponent/component.blade.php -->
<div>
    This is the Blade component
</div>

<!-- End blade view: /app/tests/TestSupport/views/bladeComponent/component.blade.php -->
<!-- End component: 'Spatie\BladeComments\Tests\TestSupport\BladeComponents\TestBladeComponent' 'test-component' -->
                </div>
                            <div class="loop-2">
                    <!-- Start component: 'Spatie\BladeComments\Tests\TestSupport\BladeComponents\TestBladeComponent' 'test-component' --><!-- Start blade view: /app/tests/TestSupport/views/bladeComponent/component.blade.php -->
<div>
    This is the Blade component
</div>

<!-- End blade view: /app/tests/TestSupport/views/bladeComponent/component.blade.php -->
<!-- End component: 'Spatie\BladeComments\Tests\TestSupport\BladeComponents\TestBladeComponent' 'test-component' -->

                                            <div class="else-condition">
                            <!-- Start component: 'Spatie\BladeComments\Tests\TestSupport\BladeComponents\TestBladeComponent' 'test-component' --><!-- Start blade view: /app/tests/TestSupport/views/bladeComponent/component.blade.php -->
<div>
    This is the Blade component
</div>

<!-- End blade view: /app/tests/TestSupport/views/bladeComponent/component.blade.php -->
<!-- End component: 'Spatie\BladeComments\Tests\TestSupport\BladeComponents\TestBladeComponent' 'test-component' -->
                        </div>
                    
                    <!-- Start component: 'Spatie\BladeComments\Tests\TestSupport\BladeComponents\TestBladeComponent' 'test-component' --><!-- Start blade view: /app/tests/TestSupport/views/bladeComponent/component.blade.php -->
<div>
    This is the Blade component
</div>

<!-- End blade view: /app/tests/TestSupport/views/bladeComponent/component.blade.php -->
<!-- End component: 'Spatie\BladeComments\Tests\TestSupport\BladeComponents\TestBladeComponent' 'test-component' -->
                </div>
            
            <!-- Start component: 'Spatie\BladeComments\Tests\TestSupport\BladeComponents\TestBladeComponent' 'test-component' --><!-- Start blade view: /app/tests/TestSupport/views/bladeComponent/component.blade.php -->
<div>
    This is the Blade component
</div>

<!-- End blade view: /app/tests/TestSupport/views/bladeComponent/component.blade.php -->
<!-- End component: 'Spatie\BladeComments\Tests\TestSupport\BladeComponents\TestBladeComponent' 'test-component' -->
        </div>
    
    <!-- Start blade view: /app/tests/TestSupport/views/components/custom.blade.php -->
<div class="custom-component">
    <div class="slot-content">
            <!-- Start component: 'Spatie\BladeComments\Tests\TestSupport\BladeComponents\TestBladeComponent' 'test-component' --><!-- Start blade view: /app/tests/TestSupport/views/bladeComponent/component.blade.php -->
<div>
    This is the Blade component
</div>

<!-- End blade view: /app/tests/TestSupport/views/bladeComponent/component.blade.php -->
<!-- End component: 'Spatie\BladeComments\Tests\TestSupport\BladeComponents\TestBladeComponent' 'test-component' -->
            <!-- Start section: 'nested-section' -->Default content<!-- End section: 'nested-section' -->
            <!-- Start component: 'Spatie\BladeComments\Tests\TestSupport\BladeComponents\TestBladeComponent' 'test-component' --><!-- Start blade view: /app/tests/TestSupport/views/bladeComponent/component.blade.php -->
<div>
    This is the Blade component
</div>

<!-- End blade view: /app/tests/TestSupport/views/bladeComponent/component.blade.php -->
<!-- End component: 'Spatie\BladeComments\Tests\TestSupport\BladeComponents\TestBladeComponent' 'test-component' -->
        </div>
</div>

<!-- End blade view: /app/tests/TestSupport/views/components/custom.blade.php -->
</div>
<!-- End section: 'content' -->
</body>
</html><!-- End blade view: /app/tests/TestSupport/views/layouts/app.blade.php -->
