<html><body><p>This is the start of the page

<!-- Start Include: includes.includeIf.includeIf -->This is the includeIf
<!-- End Include: includes.includeIf.includeIf -->

This is the end of the page
</p></body></html>
