<!-- View extends: extends.layout --><!-- Start section: content --><html>
<body>
        This is the content
</body>
</html>
