<html><body><p>This is the start of the page

<!-- Start of partial: include.include -->
This is the include
<!-- End of partial: include.include -->

This is the end of the page
</p></body></html>
