<html><body><p>This is the start of the page

This is the include

This is the end of the page
</p></body></html>
