<html><body><p>This is the start of the page with loop includes


    <!-- Start include: $views[$index]-->This is the include
<!-- End include: $views[$index]-->
    <!-- Start include: $views[$index]-->This is the include
<!-- End include: $views[$index]-->
    <!-- Start include: $views[$index]-->This is the include
<!-- End include: $views[$index]-->

This is the end of the page
</p></body></html>
