<html><body><p>This is the start of the page with ternary operators


<!-- Start include: $condition ? $viewA : $viewB-->This is the include
<!-- End include: $condition ? $viewA : $viewB-->

This is the end of the page
</p></body></html>
