<html><body>
<p>This is the start of the page with complex expressions


<!-- Start include: $baseView . '.' . $subView-->This is the include
<!-- End include: $baseView . '.' . $subView-->

</p>
<p>Some extra HTML to test the regex functionality properly</p>
<div class="font-bold text-success">
    
</div>

This is the end of the page
</body></html>
