<html><body><p>This is the start of the page

<!-- Start includeWhen: true-->This is an includeWhen.
<!-- End includeWhen: true-->
<!-- Start includeWhen: true-->This should not be wrapped with a comment.
<!-- End includeWhen: true-->

This is the end of the page
</p></body></html>
