<html><body><p>This is the start of the page



<!-- Start include: 'includes.include.include'-->This is the include
<!-- End include: 'includes.include.include'-->

bla bla

<!-- Start include: 'includes.include.include'-->This is the include
<!-- End include: 'includes.include.include'-->

This is the end of the page
</p></body></html>
