<html><body><p>This is the start of the page

<!-- Start includeIf: 'includes.includeIf.includeIf' -->This is the includeIf
<!-- End includeIf: 'includes.includeIf.includeIf' -->

This is the end of the page
</p></body></html>
