<html><body><p>This is the start of the page

<!-- Start includeUnless: false -->This is the includeUnless
<!-- End includeUnless: false -->

<!-- Start includeUnless: false -->This should not be wrapped with a comment.
<!-- End includeUnless: false -->

This is the end of the page
</p></body></html>
