<html><body>
<p>Including Livewire Component

</p>
<div> 
<!-- Start Livewire Component Spatie\BladePaths\Tests\TestSupport\Livewire\TestLivewireComponent (spatie.blade-paths.tests.test-support.livewire.test-livewire-component) -->

    This is the Livewire component
</div>

<!-- End of Livewire Component Spatie\BladePaths\Tests\TestSupport\Livewire\TestLivewireComponent (spatie.blade-paths.tests.test-support.livewire.test-livewire-component) -->

<!-- Livewire Component -->
</body></html>
