<html><body>
<h1>Livewire component tag syntax</h1>

<!-- Start Livewire component: 'Spatie\BladeComments\Tests\TestSupport\Livewire\TestLivewireComponent' 'test-component' --><div>
    This is the Livewire component
</div>
<!-- End Livewire component: 'Spatie\BladeComments\Tests\TestSupport\Livewire\TestLivewireComponent' 'test-component' -->

<!-- Start Livewire component: 'Spatie\BladeComments\Tests\TestSupport\Livewire\TestLivewireComponent' 'test-component' --><div>
    This is the Livewire component
</div>
<!-- End Livewire component: 'Spatie\BladeComments\Tests\TestSupport\Livewire\TestLivewireComponent' 'test-component' -->


<!-- Start Livewire component: 'Spatie\BladeComments\Tests\TestSupport\Livewire\TestLivewireComponent' 'test-component' --><div>
    This is the Livewire component
</div>
<!-- End Livewire component: 'Spatie\BladeComments\Tests\TestSupport\Livewire\TestLivewireComponent' 'test-component' -->

<h1>Livewire directive syntax</h1>

<!-- Start Livewire component: 'Spatie\BladeComments\Tests\TestSupport\Livewire\TestLivewireComponent' 'test-component' --><div>
    This is the Livewire component
</div>
<!-- End Livewire component: 'Spatie\BladeComments\Tests\TestSupport\Livewire\TestLivewireComponent' 'test-component' -->;

<!-- Start Livewire component: 'Spatie\BladeComments\Tests\TestSupport\Livewire\TestLivewireComponent' 'test-component' --><div>
    This is the Livewire component
</div>
<!-- End Livewire component: 'Spatie\BladeComments\Tests\TestSupport\Livewire\TestLivewireComponent' 'test-component' -->;
</body></html>
